   0 : 1 -  0 -  0 - [ 0]
   1 (init) : 0 -  0 -  1 - [ 0]
